// Jest Snapshot v1, https://goo.gl/fbAQLP

exports[`render should render without crashing 1`] = `undefined`;
